## 2026-08-24T04:10:07.346Z | 10月/别再拿“课题分离”当借口了！你分离的不是世界，是你乞求被爱的自己.md

1. FILE block "wiki/sources/3-10月--28-别再拿课题分离当借口了你分离的不是世界是你乞求被爱的自己--mb6x56.md" was not closed before end of stream — likely truncation (model hit max_tokens, timeout, or connection dropped). Block dropped.
2. Truncated FILE repair failed: HTTP 503: Service Unavailable — {
  "error": {
    "code": 503,
    "message": "This model is currently experiencing high demand. Spikes in demand are usually temporary. Please try again later.",
    "status": "UNAVAILABLE"
  }
}

## 2026-08-24T04:11:08.484Z | 10月/高手过招：真正的讨论，是一场测试“文明弹性”的共震实验》.md

1. FILE block "wiki/sources/3-10月--23-高手过招真正的讨论是一场测试文明弹性的共震实验--1m82aiz.md" was not closed before end of stream — likely truncation (model hit max_tokens, timeout, or connection dropped). Block dropped.

## 2026-08-24T04:12:05.956Z | 10月/高质量对话的关键步骤.md

1. FILE block "wiki/sources/3-10月--10-高质量对话的关键步骤--f9cwxr.md" was not closed before end of stream — likely truncation (model hit max_tokens, timeout, or connection dropped). Block dropped.

## 2026-08-24T07:28:12.371Z | 10月/人生的支点决策：在不适中识别命运信号.md

1. FILE block "wiki/sources/3-10月--17-人生的支点决策在不适中识别命运信号--7770ju.md" was not closed before end of stream — likely truncation (model hit max_tokens, timeout, or connection dropped). Block dropped.

## 2026-08-24T07:41:02.844Z | 10月/信息流动的“三重天堑”与破局之道.md

1. FILE block "wiki/log.md" was not closed before end of stream — likely truncation (model hit max_tokens, timeout, or connection dropped). Block dropped.

## 2026-08-24T13:42:04.836Z | 别再拿“课题分离”当借口了！你分离的不是世界，是你乞求被爱的自己.md

1. FILE block with unsafe path "wiki/sources/别再拿"课题分离"当借口了！你分离的不是世界，是你乞求被爱的自己.md" rejected (must be under wiki/, no .., no absolute paths, and Windows-safe file names).

## 2026-08-25T03:50:57.698Z | 【警惕】你的“舒适区”正在精确校准你的贫穷.md

1. FILE block with unsafe path "wiki/sources/【警惕】你的"舒适区"正在精确校准你的贫穷.md" rejected (must be under wiki/, no .., no absolute paths, and Windows-safe file names).

## 2026-08-25T04:28:40.022Z | 你和成功之间，只隔着这 3 个启动开关.md

1. FILE block "wiki/entities/五分钟启动法.md" was not closed before end of stream — likely truncation (model hit max_tokens, timeout, or connection dropped). Block dropped.

## 2026-08-25T04:29:50.000Z | 你和成功之间，只隔着这 3 个启动开关.md

1. FILE block "wiki/sources/你和成功之间只隔着3个启动开关.md" was not closed before end of stream — likely truncation (model hit max_tokens, timeout, or connection dropped). Block dropped.

## 2026-08-25T04:30:05.179Z | 你和成功之间，只隔着这 3 个启动开关.md

1. FILE block "wiki/sources/你和成功之间只隔着3个启动开关.md" was not closed before end of stream — likely truncation (model hit max_tokens, timeout, or connection dropped). Block dropped.

## 2026-08-25T04:40:08.073Z | 深耕者与浮躁者的分水岭：如何穿越“无反馈”的黑暗期.md

1. FILE block with unsafe path "wiki/sources/深耕者与浮躁者的分水岭：如何穿越"无反馈"的黑暗期.md" rejected (must be under wiki/, no .., no absolute paths, and Windows-safe file names).

## 2026-08-25T04:45:56.446Z | 讨好：一种成本最高的“购买关系”行为.md

1. FILE block with unsafe path "wiki/sources/讨好：一种成本最高的"购买关系"行为.md" rejected (must be under wiki/, no .., no absolute paths, and Windows-safe file names).

## 2026-08-25T05:29:09.907Z | 停止”学习成瘾”，开始真正成长.md

1. FILE block with unsafe path "wiki/sources/停止"学习成瘾"，开始真正成长.md" rejected (must be under wiki/, no .., no absolute paths, and Windows-safe file names).

## 2026-08-25T06:00:15.643Z | 万象纵横实践指南：你的内在操作系统升级.md

1. FILE block "wiki/sources/万象纵横实践指南：你的内在操作系统升级.md" was not closed before end of stream — likely truncation (model hit max_tokens, timeout, or connection dropped). Block dropped.

## 2026-08-25T06:03:13.239Z | 万象纵横实践指南：你的内在操作系统升级.md

1. FILE block "wiki/sources/万象纵横实践指南：你的内在操作系统升级.md" was not closed before end of stream — likely truncation (model hit max_tokens, timeout, or connection dropped). Block dropped.

## 2026-08-25T06:23:30.065Z | 心力交瘁的真相：我们是如何被自己的“想法”榨干的？.md

1. FILE block with unsafe path "wiki/sources/心力交瘁的真相：我们是如何被自己的"想法"榨干的？.md" rejected (must be under wiki/, no .., no absolute paths, and Windows-safe file names).

## 2026-08-25T06:32:51.295Z | 性格定律：勇气 × 觉察深度×更新速度 = 真正的成长.md

1. FILE block "wiki/sources/性格定律-勇气×觉察深度×更新速度.md" was not closed before end of stream — likely truncation (model hit max_tokens, timeout, or connection dropped). Block dropped.

## 2026-08-26T06:47:44.214Z | 真正的魅力,藏在你的反差感里.md

1. FILE block "wiki/sources/真正的魅力藏在你的反差感里.md" was not closed before end of stream — likely truncation (model hit max_tokens, timeout, or connection dropped). Block dropped.

## 2026-08-26T07:01:14.383Z | 中年突围指南-从劳动力进化为生产力的10个动作.md

1. FILE block "wiki/sources/中年突围指南-从劳动力进化为生产力的10个动作.md" was not closed before end of stream — likely truncation (model hit max_tokens, timeout, or connection dropped). Block dropped.

## 2026-08-26T07:14:16.872Z | 中年突围指南-从劳动力进化为生产力的10个动作.md

1. FILE block "wiki/concepts/向下扎根.md" was not closed before end of stream — likely truncation (model hit max_tokens, timeout, or connection dropped). Block dropped.

## 2026-08-26T14:00:12.508Z | 人类最强的能力之一，可能不是“思考”，而是“递归思考” 36a7d11d97dd803c8a61f867286ff97f.md

1. FILE block "wiki/sources/人类最强的能力之一，可能不是"思考"，而是"递归思考" 36a7d11d97dd803c8a61f867286ff97f.md" was not closed before end of stream — likely truncation (model hit max_tokens, timeout, or connection dropped). Block dropped.

## 2026-09-02T10:34:27.440Z | 出轨的本质从来不是性，而是一场低难度的自我确认.md

1. FILE block "wiki/sources/出轨的本质从来不是性，而是一场低难度的自我确认.md" was not closed before end of stream — likely truncation (model hit max_tokens, timeout, or connection dropped). Block dropped.

## 2026-09-02T10:34:40.242Z | 出轨的本质从来不是性，而是一场低难度的自我确认.md

1. FILE block "wiki/sources/出轨的本质从来不是性，而是一场低难度的自我确认.md" was not closed before end of stream — likely truncation (model hit max_tokens, timeout, or connection dropped). Block dropped.

## 2026-09-02T10:34:49.164Z | 出轨的本质从来不是性，而是一场低难度的自我确认.md

1. FILE block "wiki/sources/出轨的本质从来不是性，而是一场低难度的自我确认.md" was not closed before end of stream — likely truncation (model hit max_tokens, timeout, or connection dropped). Block dropped.

## 2026-09-02T10:36:00.870Z | 别被“猛兽独行”洗脑：揭秘社会顶层真实的生存逻辑.md

1. FILE block "wiki/sources/别被猛兽独行洗脑揭秘顶层生存逻辑.md" was not closed before end of stream — likely truncation (model hit max_tokens, timeout, or connection dropped). Block dropped.

## 2026-09-02T10:36:16.031Z | 别被“猛兽独行”洗脑：揭秘社会顶层真实的生存逻辑.md

1. FILE block "wiki/sources/别被猛兽独行洗脑揭秘顶层生存逻辑.md" was not closed before end of stream — likely truncation (model hit max_tokens, timeout, or connection dropped). Block dropped.

## 2026-09-02T10:37:47.729Z | 别被“猛兽独行”洗脑：揭秘社会顶层真实的生存逻辑.md

1. FILE block with unsafe path "wiki/sources/别被"猛兽独行"洗脑：揭秘社会顶层真实的生存逻辑.md" rejected (must be under wiki/, no .., no absolute paths, and Windows-safe file names).

## 2026-09-02T10:39:36.928Z | 成年人最大的清醒：停止向“认知结构”不同的人解释自己.md

1. FILE block with unsafe path "wiki/sources/成年人最大的清醒：停止向"认知结构"不同的人解释自己.md" rejected (must be under wiki/, no .., no absolute paths, and Windows-safe file names).
2. FILE block "wiki/log.md" was not closed before end of stream — likely truncation (model hit max_tokens, timeout, or connection dropped). Block dropped.

## 2026-09-02T10:40:03.770Z | 成年人最大的清醒：停止向“认知结构”不同的人解释自己.md

1. FILE block "wiki/sources/成年人最大的清醒：停止向"认知结构"不同的人解释自己.md" was not closed before end of stream — likely truncation (model hit max_tokens, timeout, or connection dropped). Block dropped.

## 2026-09-02T10:40:54.698Z | 教育的真谛，是引导孩子完成一次“世界重构”.md

1. FILE block with unsafe path "wiki/sources/教育的真谛，是引导孩子完成一次"世界重构".md" rejected (must be under wiki/, no .., no absolute paths, and Windows-safe file names).
2. FILE block "wiki/log.md" was not closed before end of stream — likely truncation (model hit max_tokens, timeout, or connection dropped). Block dropped.

## 2026-09-02T10:41:28.125Z | 教育的真谛，是引导孩子完成一次“世界重构”.md

1. FILE block with unsafe path "wiki/sources/教育的真谛，是引导孩子完成一次"世界重构".md" rejected (must be under wiki/, no .., no absolute paths, and Windows-safe file names).

## 2026-09-02T10:43:13.308Z | 普通人与大师的距离：决定财富量级的 8 个反人性特质.md

1. FILE block "wiki/synthesis/顶级投资者的心理护城河.md" was not closed before end of stream — likely truncation (model hit max_tokens, timeout, or connection dropped). Block dropped.

## 2026-09-02T10:48:28.939Z | 焦虑急救手册：从“生理阻断”到“认知重塑”的完整方案.md

1. FILE block "wiki/sources/焦虑急救手册-从生理阻断到认知重塑的完整方案.md" was not closed before end of stream — likely truncation (model hit max_tokens, timeout, or connection dropped). Block dropped.

## 2026-09-02T10:51:05.585Z | 焦虑急救手册：从“生理阻断”到“认知重塑”的完整方案.md

1. FILE block with unsafe path "wiki/sources/焦虑急救手册：从"生理阻断"到"认知重塑"的完整方案.md" rejected (must be under wiki/, no .., no absolute paths, and Windows-safe file names).
2. FILE block "wiki/concepts/具体化对抗模糊.md" was not closed before end of stream — likely truncation (model hit max_tokens, timeout, or connection dropped). Block dropped.

## 2026-09-02T10:52:00.508Z | 焦虑急救手册：从“生理阻断”到“认知重塑”的完整方案.md

1. FILE block with unsafe path "wiki/sources/焦虑急救手册：从"生理阻断"到"认知重塑"的完整方案.md" rejected (must be under wiki/, no .., no absolute paths, and Windows-safe file names).

## 2026-09-02T12:36:40.068Z | 如何避免平庸与愚蠢？查理·芒格留给世界的15个终极思考工具.md

1. FILE block "wiki/concepts/心流模型.md" was not closed before end of stream — likely truncation (model hit max_tokens, timeout, or connection dropped). Block dropped.

## 2026-09-02T12:37:45.553Z | 如何避免平庸与愚蠢？查理·芒格留给世界的15个终极思考工具.md

1. FILE block "wiki/sources/如何避免平庸与愚蠢？查理·芒格留给世界的15个终极思考工具.md" was not closed before end of stream — likely truncation (model hit max_tokens, timeout, or connection dropped). Block dropped.

## 2026-09-02T12:37:53.275Z | 如何避免平庸与愚蠢？查理·芒格留给世界的15个终极思考工具.md

1. FILE block "wiki/sources/如何避免平庸与愚蠢？查理·芒格留给世界的15个终极思考工具.md" was not closed before end of stream — likely truncation (model hit max_tokens, timeout, or connection dropped). Block dropped.

## 2026-09-02T12:47:49.901Z | 搜索框的原罪：当AI开始逼迫人类重新学会思考-20260902.md

1. FILE block "wiki/sources/搜索框的原罪：当AI开始逼迫人类重新学会思考-20260902.md" was not closed before end of stream — likely truncation (model hit max_tokens, timeout, or connection dropped). Block dropped.

## 2026-09-04T04:51:44.908Z | 最高级的修行叫借假修真：为何心里一定要有一个人？.md

1. FILE block "wiki/sources/最高级的修行叫借假修真：为何心里一定要有一个人？.md" was not closed before end of stream — likely truncation (model hit max_tokens, timeout, or connection dropped). Block dropped.

## 2026-09-04T04:53:40.341Z | KK关于 AI 的 9 个反直觉预判.md

1. FILE block "wiki/sources/kk-2024-ai-predictions.md" was not closed before end of stream — likely truncation (model hit max_tokens, timeout, or connection dropped). Block dropped.

## 2026-09-19T09:56:57.184Z | 30岁后最狠的觉悟：这世界没人会帮你.md

1. FILE block "wiki/sources/30岁后最狠的觉悟：这世界没人会帮你.md" was not closed before end of stream — likely truncation (model hit max_tokens, timeout, or connection dropped). Block dropped.

## 2026-09-19T09:59:15.303Z | 2026清醒指南｜合群是一场共谋，请做系统的“故障”.md

1. FILE block with unsafe path "wiki/sources/2026清醒指南｜合群是一场共谋，请做系统的"故障".md" rejected (must be under wiki/, no .., no absolute paths, and Windows-safe file names).

## 2026-09-19T10:04:16.090Z | 别再用爱解决问题了，成年人需要的是心智.md

1. FILE block "wiki/concepts/退行配额制.md" was not closed before end of stream — likely truncation (model hit max_tokens, timeout, or connection dropped). Block dropped.
2. Ignored model-generated "wiki/index.md"; aggregate navigation is maintained by the application.
3. Ignored model-generated "wiki/index.md"; aggregate navigation is maintained by the application.

## 2026-09-19T10:05:38.991Z | 别再用爱解决问题了，成年人需要的是心智.md

1. FILE block "wiki/sources/别再用爱解决问题了，成年人需要的是心智.md" was not closed before end of stream — likely truncation (model hit max_tokens, timeout, or connection dropped). Block dropped.

## 2026-09-19T10:09:58.247Z | 成年人的顶级自律：把托底交给运气，把充电留给同频.md

1. FILE block "wiki/synthesis/社交能量守恒与关系分类框架.md" was not closed before end of stream — likely truncation (model hit max_tokens, timeout, or connection dropped). Block dropped.

## 2026-09-19T10:12:47.391Z | 如何用一天时间，彻底重启你的人生.md

1. FILE block "wiki/concepts/一阶改变与二阶改变.md" was not closed before end of stream — likely truncation (model hit max_tokens, timeout, or connection dropped). Block dropped.

## 2026-09-19T10:14:05.073Z | 如何用一天时间，彻底重启你的人生.md

1. FILE block "wiki/sources/如何用一天时间彻底重启你的人生.md" was not closed before end of stream — likely truncation (model hit max_tokens, timeout, or connection dropped). Block dropped.

## 2026-09-19T10:15:09.892Z | 如何用一天时间，彻底重启你的人生.md

1. FILE block "wiki/sources/如何用一天时间，彻底重启你的人生.md" was not closed before end of stream — likely truncation (model hit max_tokens, timeout, or connection dropped). Block dropped.

## 2026-09-19T10:16:23.225Z | 术法护身，道法立命：顶级玩家的降维打击手册.md

1. FILE block "wiki/concepts/道法立命.md" was not closed before end of stream — likely truncation (model hit max_tokens, timeout, or connection dropped). Block dropped.

## 2026-09-20T04:56:01.587Z | 为什么你无法像精英那样潇洒？三个变量暴露阶层真相.md

1. FILE block "wiki/sources/为什么你无法像精英那样潇洒？三个变量暴露阶层真相.md" was not closed before end of stream — likely truncation (model hit max_tokens, timeout, or connection dropped). Block dropped.

## 2026-09-20T05:29:58.790Z | 最高级的修养，不是放下屠刀，而是手握屠刀，却不杀一人.md

1. FILE block "wiki/sources/最高级的修养-不是放下屠刀-而是手握屠刀-却不杀一人.md" was not closed before end of stream — likely truncation (model hit max_tokens, timeout, or connection dropped). Block dropped.

## 2026-09-20T05:31:31.067Z | 最高级的修养，不是放下屠刀，而是手握屠刀，却不杀一人.md

1. FILE block "wiki/entities/eckhart-tolle.md" was not closed before end of stream — likely truncation (model hit max_tokens, timeout, or connection dropped). Block dropped.

## 2026-09-20T05:40:18.274Z | 别为当下的摆烂愧疚，你的大脑只是在物理格式化.md

1. FILE block "wiki/concepts/结构流动理论.md" was not closed before end of stream — likely truncation (model hit max_tokens, timeout, or connection dropped). Block dropped.

## 2026-09-20T05:43:53.956Z | 出轨的本质从来不是性，而是一场低难度的自我确认.md

1. FILE block "wiki/log.md" was not closed before end of stream — likely truncation (model hit max_tokens, timeout, or connection dropped). Block dropped.

## 2026-09-20T05:44:54.663Z | 出轨的本质从来不是性，而是一场低难度的自我确认.md

1. FILE block "wiki/concepts/虚假共振.md" was not closed before end of stream — likely truncation (model hit max_tokens, timeout, or connection dropped). Block dropped.

## 2026-09-20T05:48:42.383Z | 如何避免平庸与愚蠢？查理·芒格留给世界的15个终极思考工具.md

1. FILE block "wiki/log.md" was not closed before end of stream — likely truncation (model hit max_tokens, timeout, or connection dropped). Block dropped.

## 2026-09-20T05:56:37.661Z | 发现了吗？你的痛苦是被设计出来的.md

1. FILE block "wiki/sources/发现了吗？你的痛苦是被设计出来的.md" was not closed before end of stream — likely truncation (model hit max_tokens, timeout, or connection dropped). Block dropped.

## 2026-09-20T06:00:20.351Z | 关系的真相：不是平等，而是流动的主从.md

1. FILE block "wiki/log.md" was not closed before end of stream — likely truncation (model hit max_tokens, timeout, or connection dropped). Block dropped.

## 2026-09-20T06:01:50.685Z | 关系的真相：不是平等，而是流动的主从.md

1. FILE block "wiki/sources/关系的真相：不是平等，而是流动的主从.md" was not closed before end of stream — likely truncation (model hit max_tokens, timeout, or connection dropped). Block dropped.

## 2026-09-20T06:44:38.800Z | 你的深情，在不对等关系里叫舔狗.md

1. FILE block "wiki/sources/你的深情，在不对等关系里叫舔狗.md" was not closed before end of stream — likely truncation (model hit max_tokens, timeout, or connection dropped). Block dropped.

## 2026-09-20T07:35:32.616Z | 当一个孩子第一次发现规则在保护强者，他的某一部分就再也回不来了.md

1. FILE block "wiki/sources/当一个孩子第一次发现规则在保护强者，他的某一部分就再也回不来了.md" was not closed before end of stream — likely truncation (model hit max_tokens, timeout, or connection dropped). Block dropped.

## 2026-09-20T07:36:33.154Z | 当一个孩子第一次发现规则在保护强者，他的某一部分就再也回不来了.md

1. FILE block "wiki/sources/当一个孩子第一次发现规则在保护强者，他的某一部分就再也回不来了.md" was not closed before end of stream — likely truncation (model hit max_tokens, timeout, or connection dropped). Block dropped.

## 2026-09-20T07:38:42.826Z | 那种明明没做错什么，为什么还是喘不过气.md

1. FILE block "wiki/sources/那种明明没做错什么为什么还是喘不过气.md" was not closed before end of stream — likely truncation (model hit max_tokens, timeout, or connection dropped). Block dropped.

## 2026-09-20T15:37:09.127Z | 所有把你压垮的争论，本质上都是用错了时间单位.md

1. FILE block "wiki/sources/所有把你压垮的争论，本质上都是用错了时间单位.md" was not closed before end of stream — likely truncation (model hit max_tokens, timeout, or connection dropped). Block dropped.

## 2026-09-21T04:48:00.417Z | 大脑无好坏之分，它只是忠实记录你的妥协.md

1. FILE block "wiki/sources/大脑无好坏之分，它只是忠实记录你的妥协.md" was not closed before end of stream — likely truncation (model hit max_tokens, timeout, or connection dropped). Block dropped.

## 2026-09-21T06:55:07.779Z | 不是坏人变多了，而是糟糕的系统在批量生产坏行为.md

1. FILE block "wiki/log.md" was not closed before end of stream — likely truncation (model hit max_tokens, timeout, or connection dropped). Block dropped.
